// Jest Snapshot v1, https://goo.gl/fbAQLP

exports[`booster migrates and seeds the default database 1`] = `
"
  ğŸ‘Ÿ Migrations run!

  ğŸŒ± Database seeded!"
`;

exports[`booster migrates and seeds the specified database 1`] = `
"
  ğŸ‘Ÿ Migrations run!

  ğŸŒ± Database seeded!"
`;

exports[`booster migrates and seeds using the specified knexfile 1`] = `
"
  ğŸ‘Ÿ Migrations run!

  ğŸŒ± Database seeded!"
`;

exports[`booster outputs error when specified knexfile not found 1`] = `
"Command failed: ../../index.js -c /tmp

  ğŸš« Could not find knexfile.js at /tmp/knexfile.js

"
`;
